// Jest Snapshot v1, https://goo.gl/fbAQLP

exports[`RootContainer should render without error 1`] = `ShallowWrapper {}`;
