// Jest Snapshot v1, https://goo.gl/fbAQLP
exports[`DirectionButtons should render without error 1`] = `ShallowWrapper {}`;
