// Jest Snapshot v1, https://goo.gl/fbAQLP

exports[`InfoDialog should render without error 1`] = `ShallowWrapper {}`;
