// Jest Snapshot v1, https://goo.gl/fbAQLP

exports[`ProviderList should render without error 1`] = `ShallowWrapper {}`;
